// Jest Snapshot v1, https://goo.gl/fbAQLP

exports[`<TakeMyMoney /> renders and matches snapshot 1`] = `
<ReactStripeCheckout
  ComponentClass="span"
  amount={15000}
  className="StripeCheckout"
  currency="USD"
  description="Order of 3 Items"
  email="Delmer.Smith@yahoo.com"
  image="dog-small.jpg"
  label="Pay With Card"
  locale="auto"
  name="Sick Fits"
  reconfigureOnUpdate={false}
  stripeKey="pk_test_95kahSCQVErtuQKSg7EfwioJ00R1HKK4d2"
  token={[Function]}
  triggerEvent="onClick"
>
  <span
    onClick={[Function]}
  >
     
  </span>
</ReactStripeCheckout>
`;
